20:01:52 **** Incremental Build of configuration Debug for project new_ASVP ****
make -j16 all 
arm-none-eabi-gcc "../Core/Src/main.c" -mcpu=cortex-m4 -std=gnu11 -g3 -DDEBUG -DUSE_HAL_DRIVER -DSTM32F401xE -c -I../Core/Inc -I../Drivers/STM32F4xx_HAL_Driver/Inc -I../Drivers/STM32F4xx_HAL_Driver/Inc/Legacy -I../Drivers/CMSIS/Device/ST/STM32F4xx/Include -I../Drivers/CMSIS/Include -O0 -ffunction-sections -fdata-sections -Wall -fstack-usage -MMD -MP -MF"Core/Src/main.d" -MT"Core/Src/main.o" --specs=nano.specs -mfpu=fpv4-sp-d16 -mfloat-abi=hard -mthumb -o "Core/Src/main.o"
arm-none-eabi-gcc -o "new_ASVP.elf" @"objects.list"   -mcpu=cortex-m4 -T"C:\Users\dani\Coding\ECE198\ECE-198-ASPV\new_ASVP\STM32F401RETX_FLASH.ld" --specs=nosys.specs -Wl,-Map="new_ASVP.map" -Wl,--gc-sections -static --specs=nano.specs -mfpu=fpv4-sp-d16 -mfloat-abi=hard -mthumb -Wl,--start-group -lc -lm -Wl,--end-group
Finished building target: new_ASVP.elf
 
arm-none-eabi-size   new_ASVP.elf 
arm-none-eabi-objdump -h -S  new_ASVP.elf  > "new_ASVP.list"
   text	   data	    bss	    dec	    hex	filename
   7956	     20	   1644	   9620	   2594	new_ASVP.elf
Finished building: default.size.stdout
 
Finished building: new_ASVP.list
 
20:01:59 **** Incremental Build of configuration Debug for project new_ASVP ****
make -j16 all 
arm-none-eabi-size   new_ASVP.elf 
   text	   data	    bss	    dec	    hex	filename
   7956	     20	   1644	   9620	   2594	new_ASVP.elf
Finished building: default.size.stdout
 
